// Jest Snapshot v1, https://goo.gl/fbAQLP

exports[`Watch testing Renders ok 1`] = `
<div
  className="watch-grid"
>
  <Video
    className="video"
    id="0beu6BodTYs"
  />
  <VideoMetaData
    viewCount={1520}
  />
  <VideoInfoBox />
  <div
    className="comments"
    style={
      Object {
        "background": "#9013FE",
        "height": "100px",
        "width": "100%",
      }
    }
  >
    comments
  </div>
  <RelatedVideos
    className="relatedVideos"
  />
</div>
`;
