// Jest Snapshot v1, https://goo.gl/fbAQLP

exports[`renders SideBarFooter 1`] = `
<Fragment>
  <div
    className="footer-block"
  >
    <div>
      About Press Copyright
    </div>
    <div>
      Creators Advertise
    </div>
    <div>
      Developer +MyTube
    </div>
    <div>
      Legal
    </div>
  </div>
  <div
    className="footer-block"
  >
    <div>
      Terms Privacy
    </div>
    <div>
      Policy & Safety 
    </div>
    <div>
      Test New Features
    </div>
    <div>
      Legal
    </div>
  </div>
  <div
    className="footer-block"
  >
    <div>
      Karol Antonowicz + Â©Productioncoder.com
    </div>
  </div>
</Fragment>
`;
