// Jest Snapshot v1, https://goo.gl/fbAQLP

exports[`renders SideBar 1`] = `
<Menu
  borderless={true}
  className="side-nav"
  fixed="left"
  stackable={true}
  vertical={true}
>
  <SideBarItem
    highlight={true}
    icon="home"
    label="Home"
  />
  <SideBarItem
    icon="fire"
    label="Trending"
  />
  <SideBarItem
    icon="inbox"
    label="Subscriptions"
  />
  <Divider />
  <SideBarHeader
    title="library"
  />
  <SideBarItem
    icon="time"
    label="History"
  />
  <SideBarItem
    icon="time"
    label="Watch Later"
  />
  <SideBarItem
    icon="thumbs up"
    label="Liked videos"
  />
  <Divider />
  <Subscriptions />
  <SideBarHeader
    title="more from youtube"
  />
  <SideBarItem
    icon="video"
    label="Movies and Shows"
  />
  <Divider />
  <SideBarItem
    icon="setting"
    label="Settings"
  />
  <SideBarItem
    icon="help"
    label="Help"
  />
  <SideBarItem
    icon="chat outline"
    label="Send feedback"
  />
  <Divider />
  <SideBarFooter />
</Menu>
`;
