// Jest Snapshot v1, https://goo.gl/fbAQLP

exports[`renders SideBarItem 1`] = `
<MenuItem
  className="side-bar-item "
>
  <div
    className="sidebar-item-alignment-container"
  >
    <span>
      <Icon
        as="i"
        size="large"
      />
    </span>
    <span />
  </div>
</MenuItem>
`;
