// Jest Snapshot v1, https://goo.gl/fbAQLP

exports[`CommentsHeader CommentsHeader renders with no props 1`] = `
<div
  className="comments-header"
>
  <h4>
     Comments
  </h4>
  <Button
    as="button"
    basic={true}
    compact={true}
    icon={true}
    labelPosition="left"
  >
    <Icon
      as="i"
      name="align left"
    />
    Sort By
  </Button>
</div>
`;

exports[`CommentsHeader CommentsHeader renders with props amountCommentsHeader 1`] = `
<div
  className="comments-header"
>
  <h4>
     Comments
  </h4>
  <Button
    as="button"
    basic={true}
    compact={true}
    icon={true}
    labelPosition="left"
  >
    <Icon
      as="i"
      name="align left"
    />
    Sort By
  </Button>
</div>
`;
